{
  "type": "minecraft:crafting_shaped",
  "pattern": [
    "Z",
    "X"
      ],
  "key": {
    "Z": {
      "item": "minecraft:gold_ingot"
    },
    "X": {
      "item": "minecraft:gold_nugget"
    }
  },
  "result": {
    "item": "expert_weapons:dull_golden_shovel_head"
  }
}