{
  "type": "minecraft:crafting_shaped",
  "pattern": [
    "X",
    "X"
  ],
  "key": {
    "X": {
      "item": "minecraft:gold_ingot"
    }
  },
  "result": {
    "item": "expert_weapons:dull_golden_blade"
  }
}