{
  "type": "minecraft:crafting_shaped",
  "pattern": [
    "ZZ ",
    "ZZ ",
    "Z  "
      ],
  "key": {
    "Z": {
      "item": "minecraft:gold_ingot"
    }
  },
  "result": {
    "item": "expert_weapons:dull_golden_axe_head"
  }
}