{
  "type": "minecraft:crafting_shaped",
  "pattern": [
    "ZXZ"
  ],
  "key": {
    "X": {
      "item": "minecraft:gold_ingot"
    },
    "Z": {
      "tag": "minecraft:planks"
    }
  },
  "result": {
    "item": "expert_weapons:golden_guard"
  }
}